Copyright 1986-2022 Xilinx, Inc. All Rights Reserved. Copyright 2022-2025 Advanced Micro Devices, Inc. All Rights Reserved.
------------------------------------------------------------------------------------------------------------------------------------------------------------------------------------------------------------------------------
| Tool Version : Vivado v.2025.1 (win64) Build 6140274 Thu May 22 00:12:29 MDT 2025
| Date         : Fri Sep 18 20:20:27 2026
| Host         : COE-EE-E387-11 running 64-bit major release  (build 9200)
| Command      : report_timing_summary -max_paths 10 -routable_nets -report_unconstrained -file aludec_timing_summary_routed.rpt -pb aludec_timing_summary_routed.pb -rpx aludec_timing_summary_routed.rpx -warn_on_violation
| Design       : aludec
| Device       : 7a100t-csg324
| Speed File   : -1  PRODUCTION 1.23 2018-06-13
| Design State : Routed
------------------------------------------------------------------------------------------------------------------------------------------------------------------------------------------------------------------------------

Timing Summary Report

------------------------------------------------------------------------------------------------
| Timer Settings
| --------------
------------------------------------------------------------------------------------------------

  Enable Multi Corner Analysis               :  Yes
  Enable Pessimism Removal                   :  Yes
  Pessimism Removal Resolution               :  Nearest Common Node
  Enable Input Delay Default Clock           :  No
  Enable Preset / Clear Arcs                 :  No
  Disable Flight Delays                      :  No
  Ignore I/O Paths                           :  No
  Timing Early Launch at Borrowing Latches   :  No
  Borrow Time for Max Delay Exceptions       :  Yes
  Merge Timing Exceptions                    :  Yes
  Inter-SLR Compensation                     :  Conservative

  Corner  Analyze    Analyze    
  Name    Max Paths  Min Paths  
  ------  ---------  ---------  
  Slow    Yes        Yes        
  Fast    Yes        Yes        


------------------------------------------------------------------------------------------------
| Report Methodology
| ------------------
------------------------------------------------------------------------------------------------

No report available as report_methodology has not been run prior. Run report_methodology on the current design for the summary of methodology violations.



check_timing report

Table of Contents
-----------------
1. checking no_clock (0)
2. checking constant_clock (0)
3. checking pulse_width_clock (0)
4. checking unconstrained_internal_endpoints (0)
5. checking no_input_delay (0)
6. checking no_output_delay (0)
7. checking multiple_clock (0)
8. checking generated_clocks (0)
9. checking loops (0)
10. checking partial_input_delay (0)
11. checking partial_output_delay (0)
12. checking latch_loops (0)

1. checking no_clock (0)
------------------------
 There are 0 register/latch pins with no clock.


2. checking constant_clock (0)
------------------------------
 There are 0 register/latch pins with constant_clock.


3. checking pulse_width_clock (0)
---------------------------------
 There are 0 register/latch pins which need pulse_width check


4. checking unconstrained_internal_endpoints (0)
------------------------------------------------
 There are 0 pins that are not constrained for maximum delay.

 There are 0 pins that are not constrained for maximum delay due to constant clock.


5. checking no_input_delay (0)
------------------------------
 There are 0 input ports with no input delay specified.

 There are 0 input ports with no input delay but user has a false path constraint.


6. checking no_output_delay (0)
-------------------------------
 There are 0 ports with no output delay specified.

 There are 0 ports with no output delay but user has a false path constraint

 There are 0 ports with no output delay but with a timing clock defined on it or propagating through it


7. checking multiple_clock (0)
------------------------------
 There are 0 register/latch pins with multiple clocks.


8. checking generated_clocks (0)
--------------------------------
 There are 0 generated clocks that are not connected to a clock source.


9. checking loops (0)
---------------------
 There are 0 combinational loops in the design.


10. checking partial_input_delay (0)
------------------------------------
 There are 0 input ports with partial input delay specified.


11. checking partial_output_delay (0)
-------------------------------------
 There are 0 ports with partial output delay specified.


12. checking latch_loops (0)
----------------------------
 There are 0 combinational latch loops in the design through latch input



------------------------------------------------------------------------------------------------
| Design Timing Summary
| ---------------------
------------------------------------------------------------------------------------------------

    WNS(ns)      TNS(ns)  TNS Failing Endpoints  TNS Total Endpoints      WHS(ns)      THS(ns)  THS Failing Endpoints  THS Total Endpoints     WPWS(ns)     TPWS(ns)  TPWS Failing Endpoints  TPWS Total Endpoints  
    -------      -------  ---------------------  -------------------      -------      -------  ---------------------  -------------------     --------     --------  ----------------------  --------------------  
        inf        0.000                      0                    3          inf        0.000                      0                    3           NA           NA                      NA                    NA  


There are no user specified timing constraints.


------------------------------------------------------------------------------------------------
| Clock Summary
| -------------
------------------------------------------------------------------------------------------------


------------------------------------------------------------------------------------------------
| Intra Clock Table
| -----------------
------------------------------------------------------------------------------------------------

Clock             WNS(ns)      TNS(ns)  TNS Failing Endpoints  TNS Total Endpoints      WHS(ns)      THS(ns)  THS Failing Endpoints  THS Total Endpoints     WPWS(ns)     TPWS(ns)  TPWS Failing Endpoints  TPWS Total Endpoints  
-----             -------      -------  ---------------------  -------------------      -------      -------  ---------------------  -------------------     --------     --------  ----------------------  --------------------  


------------------------------------------------------------------------------------------------
| Inter Clock Table
| -----------------
------------------------------------------------------------------------------------------------

From Clock    To Clock          WNS(ns)      TNS(ns)  TNS Failing Endpoints  TNS Total Endpoints      WHS(ns)      THS(ns)  THS Failing Endpoints  THS Total Endpoints  
----------    --------          -------      -------  ---------------------  -------------------      -------      -------  ---------------------  -------------------  


------------------------------------------------------------------------------------------------
| Other Path Groups Table
| -----------------------
------------------------------------------------------------------------------------------------

Path Group    From Clock    To Clock          WNS(ns)      TNS(ns)  TNS Failing Endpoints  TNS Total Endpoints      WHS(ns)      THS(ns)  THS Failing Endpoints  THS Total Endpoints  
----------    ----------    --------          -------      -------  ---------------------  -------------------      -------      -------  ---------------------  -------------------  


------------------------------------------------------------------------------------------------
| User Ignored Path Table
| -----------------------
------------------------------------------------------------------------------------------------

Path Group    From Clock    To Clock    
----------    ----------    --------    


------------------------------------------------------------------------------------------------
| Unconstrained Path Table
| ------------------------
------------------------------------------------------------------------------------------------

Path Group    From Clock    To Clock    
----------    ----------    --------    
(none)                                    


------------------------------------------------------------------------------------------------
| Timing Details
| --------------
------------------------------------------------------------------------------------------------


--------------------------------------------------------------------------------------
Path Group:  (none)
From Clock:  
  To Clock:  

Max Delay             3 Endpoints
Min Delay             3 Endpoints
--------------------------------------------------------------------------------------


Max Delay Paths
--------------------------------------------------------------------------------------
Slack:                    inf
  Source:                 funct3[1]
                            (input port)
  Destination:            ALUControl[0]
                            (output port)
  Path Group:             (none)
  Path Type:              Max at Slow Process Corner
  Data Path Delay:        9.857ns  (logic 5.246ns (53.216%)  route 4.612ns (46.784%))
  Logic Levels:           4  (IBUF=1 LUT4=1 LUT6=1 OBUF=1)

    Location             Delay type                Incr(ns)  Path(ns)    Netlist Resource(s)
  -------------------------------------------------------------------    -------------------
    R15                                               0.000     0.000 f  funct3[1] (IN)
                         net (fo=0)                   0.000     0.000    funct3[1]
    R15                  IBUF (Prop_ibuf_I_O)         1.477     1.477 f  funct3_IBUF[1]_inst/O
                         net (fo=4, routed)           1.947     3.424    funct3_IBUF[1]
    SLICE_X0Y87          LUT4 (Prop_lut4_I2_O)        0.124     3.548 r  ALUControl_OBUF[0]_inst_i_2/O
                         net (fo=1, routed)           0.159     3.707    ALUControl_OBUF[0]_inst_i_2_n_0
    SLICE_X0Y87          LUT6 (Prop_lut6_I3_O)        0.124     3.831 r  ALUControl_OBUF[0]_inst_i_1/O
                         net (fo=1, routed)           2.506     6.337    ALUControl_OBUF[0]
    H17                  OBUF (Prop_obuf_I_O)         3.520     9.857 r  ALUControl_OBUF[0]_inst/O
                         net (fo=0)                   0.000     9.857    ALUControl[0]
    H17                                                               r  ALUControl[0] (OUT)
  -------------------------------------------------------------------    -------------------

Slack:                    inf
  Source:                 ALUOp[1]
                            (input port)
  Destination:            ALUControl[1]
                            (output port)
  Path Group:             (none)
  Path Type:              Max at Slow Process Corner
  Data Path Delay:        9.715ns  (logic 5.383ns (55.411%)  route 4.332ns (44.589%))
  Logic Levels:           3  (IBUF=1 LUT4=1 OBUF=1)

    Location             Delay type                Incr(ns)  Path(ns)    Netlist Resource(s)
  -------------------------------------------------------------------    -------------------
    U18                                               0.000     0.000 r  ALUOp[1] (IN)
                         net (fo=0)                   0.000     0.000    ALUOp[1]
    U18                  IBUF (Prop_ibuf_I_O)         1.494     1.494 r  ALUOp_IBUF[1]_inst/O
                         net (fo=3, routed)           2.202     3.696    ALUOp_IBUF[1]
    SLICE_X0Y87          LUT4 (Prop_lut4_I1_O)        0.152     3.848 r  ALUControl_OBUF[1]_inst_i_1/O
                         net (fo=1, routed)           2.130     5.978    ALUControl_OBUF[1]
    K15                  OBUF (Prop_obuf_I_O)         3.737     9.715 r  ALUControl_OBUF[1]_inst/O
                         net (fo=0)                   0.000     9.715    ALUControl[1]
    K15                                                               r  ALUControl[1] (OUT)
  -------------------------------------------------------------------    -------------------

Slack:                    inf
  Source:                 ALUOp[1]
                            (input port)
  Destination:            ALUControl[2]
                            (output port)
  Path Group:             (none)
  Path Type:              Max at Slow Process Corner
  Data Path Delay:        9.653ns  (logic 5.171ns (53.568%)  route 4.482ns (46.432%))
  Logic Levels:           3  (IBUF=1 LUT5=1 OBUF=1)

    Location             Delay type                Incr(ns)  Path(ns)    Netlist Resource(s)
  -------------------------------------------------------------------    -------------------
    U18                                               0.000     0.000 r  ALUOp[1] (IN)
                         net (fo=0)                   0.000     0.000    ALUOp[1]
    U18                  IBUF (Prop_ibuf_I_O)         1.494     1.494 r  ALUOp_IBUF[1]_inst/O
                         net (fo=3, routed)           2.202     3.696    ALUOp_IBUF[1]
    SLICE_X0Y87          LUT5 (Prop_lut5_I1_O)        0.124     3.820 r  ALUControl_OBUF[2]_inst_i_1/O
                         net (fo=1, routed)           2.280     6.100    ALUControl_OBUF[2]
    J13                  OBUF (Prop_obuf_I_O)         3.553     9.653 r  ALUControl_OBUF[2]_inst/O
                         net (fo=0)                   0.000     9.653    ALUControl[2]
    J13                                                               r  ALUControl[2] (OUT)
  -------------------------------------------------------------------    -------------------





Min Delay Paths
--------------------------------------------------------------------------------------
Slack:                    inf
  Source:                 funct3[0]
                            (input port)
  Destination:            ALUControl[2]
                            (output port)
  Path Group:             (none)
  Path Type:              Min at Fast Process Corner
  Data Path Delay:        2.531ns  (logic 1.551ns (61.282%)  route 0.980ns (38.718%))
  Logic Levels:           3  (IBUF=1 LUT5=1 OBUF=1)

    Location             Delay type                Incr(ns)  Path(ns)    Netlist Resource(s)
  -------------------------------------------------------------------    -------------------
    M13                                               0.000     0.000 f  funct3[0] (IN)
                         net (fo=0)                   0.000     0.000    funct3[0]
    M13                  IBUF (Prop_ibuf_I_O)         0.253     0.253 f  funct3_IBUF[0]_inst/O
                         net (fo=3, routed)           0.406     0.659    funct3_IBUF[0]
    SLICE_X0Y87          LUT5 (Prop_lut5_I3_O)        0.045     0.704 r  ALUControl_OBUF[2]_inst_i_1/O
                         net (fo=1, routed)           0.574     1.278    ALUControl_OBUF[2]
    J13                  OBUF (Prop_obuf_I_O)         1.253     2.531 r  ALUControl_OBUF[2]_inst/O
                         net (fo=0)                   0.000     2.531    ALUControl[2]
    J13                                                               r  ALUControl[2] (OUT)
  -------------------------------------------------------------------    -------------------

Slack:                    inf
  Source:                 funct3[0]
                            (input port)
  Destination:            ALUControl[0]
                            (output port)
  Path Group:             (none)
  Path Type:              Min at Fast Process Corner
  Data Path Delay:        2.608ns  (logic 1.519ns (58.260%)  route 1.088ns (41.740%))
  Logic Levels:           3  (IBUF=1 LUT6=1 OBUF=1)

    Location             Delay type                Incr(ns)  Path(ns)    Netlist Resource(s)
  -------------------------------------------------------------------    -------------------
    M13                                               0.000     0.000 f  funct3[0] (IN)
                         net (fo=0)                   0.000     0.000    funct3[0]
    M13                  IBUF (Prop_ibuf_I_O)         0.253     0.253 f  funct3_IBUF[0]_inst/O
                         net (fo=3, routed)           0.407     0.660    funct3_IBUF[0]
    SLICE_X0Y87          LUT6 (Prop_lut6_I4_O)        0.045     0.705 r  ALUControl_OBUF[0]_inst_i_1/O
                         net (fo=1, routed)           0.681     1.386    ALUControl_OBUF[0]
    H17                  OBUF (Prop_obuf_I_O)         1.221     2.608 r  ALUControl_OBUF[0]_inst/O
                         net (fo=0)                   0.000     2.608    ALUControl[0]
    H17                                                               r  ALUControl[0] (OUT)
  -------------------------------------------------------------------    -------------------

Slack:                    inf
  Source:                 ALUOp[0]
                            (input port)
  Destination:            ALUControl[1]
                            (output port)
  Path Group:             (none)
  Path Type:              Min at Fast Process Corner
  Data Path Delay:        2.614ns  (logic 1.605ns (61.415%)  route 1.008ns (38.585%))
  Logic Levels:           3  (IBUF=1 LUT4=1 OBUF=1)

    Location             Delay type                Incr(ns)  Path(ns)    Netlist Resource(s)
  -------------------------------------------------------------------    -------------------
    T18                                               0.000     0.000 f  ALUOp[0] (IN)
                         net (fo=0)                   0.000     0.000    ALUOp[0]
    T18                  IBUF (Prop_ibuf_I_O)         0.265     0.265 f  ALUOp_IBUF[0]_inst/O
                         net (fo=3, routed)           0.480     0.745    ALUOp_IBUF[0]
    SLICE_X0Y87          LUT4 (Prop_lut4_I0_O)        0.042     0.787 r  ALUControl_OBUF[1]_inst_i_1/O
                         net (fo=1, routed)           0.529     1.316    ALUControl_OBUF[1]
    K15                  OBUF (Prop_obuf_I_O)         1.298     2.614 r  ALUControl_OBUF[1]_inst/O
                         net (fo=0)                   0.000     2.614    ALUControl[1]
    K15                                                               r  ALUControl[1] (OUT)
  -------------------------------------------------------------------    -------------------





